
> paperclip@ dev:ui C:\Users\Techa\.paperclip\tmp_surfers
> pnpm --filter @paperclipai/ui dev


> @paperclipai/ui@0.3.1 dev C:\Users\Techa\.paperclip\tmp_surfers\ui
> vite

[2m11:02:05 PM[22m [36m[1m[vite][22m[39m [90m[2m(client)[22m[39m Re-optimizing dependencies because vite config has changed

  [32m[1mVITE[22m v6.4.1[39m  [2mready in [0m[1m1580[22m[2m[0m ms[22m

  [32m➜[39m  [1mLocal[22m:   [36mhttp://localhost:[1m5173[22m/[39m
[2m  [32m➜[39m  [1mNetwork[22m[2m: use [22m[1m--host[22m[2m to expose[22m
node:events:496
      throw er; // Unhandled 'error' event
      ^

Error: read ECONNRESET
    at TCP.onStreamRead (node:internal/stream_base_commons:216:20)
Emitted 'error' event on Socket instance at:
    at emitErrorNT (node:internal/streams/destroy:170:8)
    at emitErrorCloseNT (node:internal/streams/destroy:129:3)
    at process.processTicksAndRejections (node:internal/process/task_queues:90:21) {
  errno: -4077,
  code: 'ECONNRESET',
  syscall: 'read'
}

Node.js v22.14.0
C:\Users\Techa\.paperclip\tmp_surfers\ui:
 ERR_PNPM_RECURSIVE_RUN_FIRST_FAIL  @paperclipai/ui@0.3.1 dev: `vite`
Exit status 1
 ELIFECYCLE  Command failed with exit code 1.
